python : 
DEBUG:asyncio:Using 
proactor: IocpProactor
At line:1 char:24
+ $env:PYTHONPATH='src'; 
python test_layer2.py > 
test_log.txt 2>&1
+                        ~
~~~~~~~~~~~~~~~~~~~~~~~~~~
~~~~~~~~~~~~~~
    + CategoryInfo        
      : NotSpecified: (D  
  EBUG:asyncio:U...r: I   
 ocpProactor:String) [    
], RemoteException
    + FullyQualifiedError 
   Id : NativeCommandErr  
  or
 
INFO:sqlite_sync.ext.node:
Enterprise Sync Server 
listening on 0.0.0.0:8081
INFO:sqlite_sync.ext.netwo
rk_manager:Multi-Peer 
Sync Manager started
INFO:sqlite_sync.ext.node:
Multi-Peer Sync active 
(polling interval: 2s)
INFO:sqlite_sync.ext.node:
SyncNode 'NodeA' 
(019c3941...) ready.
INFO:sqlite_sync.ext.node:
Enterprise Sync Server 
listening on 0.0.0.0:8082
INFO:sqlite_sync.ext.netwo
rk_manager:Multi-Peer 
Sync Manager started
INFO:sqlite_sync.ext.node:
Multi-Peer Sync active 
(polling interval: 2s)
INFO:sqlite_sync.ext.node:
SyncNode 'NodeB' 
(019c3941...) ready.
INFO:sqlite_sync.ext.netwo
rk_manager:Starting sync 
loop for newly discovered 
peer: NodeB (PeerStatus.AV
AILABLE://http://localhost
:8082:8082)
INFO:sqlite_sync.ext.sync_
loop:Sync loop started
INFO:sqlite_sync.ext.netwo
rk_manager:Starting sync 
loop for newly discovered 
peer: NodeA (PeerStatus.AV
AILABLE://http://localhost
:8081:8081)
INFO:sqlite_sync.ext.sync_
loop:Sync loop started
ERROR:sqlite_sync.transpor
t.http_transport:URL 
error: <urlopen error 
unknown url type: 
peerstatus.available>
ERROR:sqlite_sync.transpor
t.http_transport:HTTP 
connect failed: <urlopen 
error unknown url type: 
peerstatus.available>
ERROR:sqlite_sync.ext.sync
_loop:Sync failed: Failed 
to connect to remote
ERROR:sqlite_sync.transpor
t.http_transport:URL 
error: <urlopen error 
unknown url type: 
peerstatus.available>
ERROR:sqlite_sync.transpor
t.http_transport:HTTP 
connect failed: <urlopen 
error unknown url type: 
peerstatus.available>
ERROR:sqlite_sync.ext.sync
_loop:Sync failed: Failed 
to connect to remote

--- STARTING LAYER 2 INTEGRATION TEST ---

1. Initializing Nodes...

2. Peering Nodes manually...

3. Creating Concurrent Edits...
   Waiting for A -> B sync...
Starting production sync server on http://0.0.0.0:8082
Database: NodeB_server_registry.db
Starting production sync server on http://0.0.0.0:8081
Database: NodeA_server_registry.db
 * Serving Flask app 'sqlite_sync.ext.server.http_server'
 * Debug mode: off
 * Serving Flask app 'sqlite_sync.ext.server.http_server'
 * Debug mode: off
INFO:werkzeug:[31m[1mWAR
NING: This is a 
development server. Do 
not use it in a 
production deployment. 
Use a production WSGI 
server instead.[0m
 * Running on all 
addresses (0.0.0.0)
 * Running on 
http://127.0.0.1:8081
 * Running on 
http://10.121.94.117:8081
INFO:werkzeug:[33mPress 
CTRL+C to quit[0m
INFO:werkzeug:[31m[1mWAR
NING: This is a 
development server. Do 
not use it in a 
production deployment. 
Use a production WSGI 
server instead.[0m
 * Running on all 
addresses (0.0.0.0)
 * Running on 
http://127.0.0.1:8082
 * Running on 
http://10.121.94.117:8082
INFO:werkzeug:[33mPress 
CTRL+C to quit[0m
ERROR:sqlite_sync.transpor
t.http_transport:URL 
error: <urlopen error 
unknown url type: 
peerstatus.available>
ERROR:sqlite_sync.transpor
t.http_transport:HTTP 
connect failed: <urlopen 
error unknown url type: 
peerstatus.available>
ERROR:sqlite_sync.ext.sync
_loop:Sync failed: Failed 
to connect to remote
ERROR:sqlite_sync.transpor
t.http_transport:URL 
error: <urlopen error 
unknown url type: 
peerstatus.available>
ERROR:sqlite_sync.transpor
t.http_transport:HTTP 
connect failed: <urlopen 
error unknown url type: 
peerstatus.available>
ERROR:sqlite_sync.ext.sync
_loop:Sync failed: Failed 
to connect to remote
Traceback (most recent 
call last):

--- SYNC STATS ---
Node A Stats: {'active_peers': 1, 'sessions': {'019c39414cce7ceab4f637b412ee0fe2': {'status': 'error', 'stats': {'last_sync_time': 0, 'total_syncs': 0, 'successful_syncs': 0, 'failed_syncs': 0, 'ops_sent': 0, 'ops_received': 0, 'conflicts_resolved': 0, 'conflicts_pending': 0}}}}
Node B Stats: {'active_peers': 1, 'sessions': {'019c39414ca379a886f364a82d171f15': {'status': 'error', 'stats': {'last_sync_time': 0, 'total_syncs': 0, 'successful_syncs': 0, 'failed_syncs': 0, 'ops_sent': 0, 'ops_received': 0, 'conflicts_resolved': 0, 'conflicts_pending': 0}}}}
------------------

  File "C:\info\sqlite_syn
c_core\test_layer2.py", 
line 132, in <module>
    
asyncio.run(run_test())
  File "C:\Program Files\P
ython312\Lib\asyncio\runne
rs.py", line 194, in run
    return 
runner.run(main)
           
^^^^^^^^^^^^^^^^
  File "C:\Program Files\P
ython312\Lib\asyncio\runne
rs.py", line 118, in run
    return self._loop.run_
until_complete(task)
           ^^^^^^^^^^^^^^^
^^^^^^^^^^^^^^^^^^^^
  File "C:\Program Files\P
ython312\Lib\asyncio\base_
events.py", line 687, in 
run_until_complete
    return future.result()
           ^^^^^^^^^^^^^^^
  File "C:\info\sqlite_syn
c_core\test_layer2.py", 
line 89, in run_test
    print("\u274c FAIL: 
Node B did not receive 
initial insert")
  File "C:\Program Files\P
ython312\Lib\encodings\cp1
252.py", line 19, in 
encode
    return codecs.charmap_
encode(input,self.errors,e
ncoding_table)[0]
           ^^^^^^^^^^^^^^^
^^^^^^^^^^^^^^^^^^^^^^^^^^
^^^^^^^^^^^^^^
UnicodeEncodeError: 
'charmap' codec can't 
encode character '\u274c' 
in position 0: character 
maps to <undefined>
